// Jest Snapshot v1, https://goo.gl/fbAQLP

exports[`About snapshot Comprobar la UI del componente About 1`] = `
<div>
  <nav
    className="text-white flex p-5 bg-primary-100 items-center shadow-md shadow-secondary-100/30 justify-between"
  >
    <h1
      className="font-title text-4xl"
      id="Navbar-title"
    >
      Profiler
    </h1>
    <div
      className="flex gap-4 text-lg"
    >
      <a
        href="/"
        onClick={[Function]}
      >
        Home
      </a>
      <a
        href="/about"
        onClick={[Function]}
      >
        About
      </a>
    </div>
  </nav>
  <div
    className="w-full flex justify-center mt-8 mb-16"
  >
    <div
      className="w-4/5 flex justify-center"
    >
      <div
        className="w-[350px] bg-white rounded-xl p-7"
      >
        <div
          className="flex flex-col items-center"
        >
          <img
            alt="Eduardo Serrano Jaime"
            className="rounded-full w-[170px] mb-2"
            src="yo.jpg"
          />
          <h1>
            Eduardo Serrano Jaime
          </h1>
          <p
            className="text-sm"
          >
            JavaScript Developer
          </p>
        </div>
        <div
          className="flex gap-2 justify-center text-xl my-2"
        >
          <a
            href="https://github.com/EdsenxX"
            rel="noreferrer"
          >
            <i
              className="fa-brands fa-github"
            />
          </a>
          <a
            href="https://www.linkedin.com/in/edsen/"
            rel="noreferrer"
          >
            <i
              className="fa-brands fa-linkedin"
            />
          </a>
          <a
            href="https://edsen.dev"
            rel="noreferrer"
            target="_blank"
          >
            <i
              className="fa-solid fa-earth-americas"
            />
          </a>
        </div>
        <p
          className="text-md text-center"
        >
          Soy Javascript Developer con +3 años de experiencia trabajando profesionalmente. Tengo experiencia trabajando con instituciones publicas, consultoras de software, startups y también como freelancer
        </p>
      </div>
    </div>
  </div>
</div>
`;
